[W924 18:05:13.000000000 CUDACachingAllocator.cpp:3933] memory allocation failed with OOM on device 0 while trying to allocate 2097152 bytes (free: 0, total: 4294443008).
[train] расписание рассчитано на 5 эпох (630 шагов) и остаётся прежним: эпохи 6-8 пройдут на min_learning_rate, прошлая часть кривой не пересчитывается
epoch=6 step=631 loss=2.6724 targets=3308 micro_batches=1 lr=1.00e-05
epoch=6 step=632 loss=2.3931 targets=2975 micro_batches=1 lr=1.00e-05
epoch=6 step=633 loss=2.4606 targets=2907 micro_batches=1 lr=1.00e-05
epoch=6 step=634 loss=2.6420 targets=3539 micro_batches=1 lr=1.00e-05
epoch=6 step=635 loss=2.2828 targets=3347 micro_batches=1 lr=1.00e-05
epoch=6 step=636 loss=2.3775 targets=3778 micro_batches=1 lr=1.00e-05
epoch=6 step=637 loss=2.6248 targets=3805 micro_batches=1 lr=1.00e-05
epoch=6 step=638 loss=2.4336 targets=2749 micro_batches=1 lr=1.00e-05
epoch=6 step=639 loss=2.7403 targets=2968 micro_batches=1 lr=1.00e-05
epoch=6 step=640 loss=2.5117 targets=3279 micro_batches=1 lr=1.00e-05
epoch=6 step=641 loss=2.3481 targets=3179 micro_batches=1 lr=1.00e-05
epoch=6 step=642 loss=2.0717 targets=2968 micro_batches=1 lr=1.00e-05
epoch=6 step=643 loss=2.1099 targets=2873 micro_batches=1 lr=1.00e-05
epoch=6 step=644 loss=2.4583 targets=2768 micro_batches=1 lr=1.00e-05
epoch=6 step=645 loss=2.3181 targets=2375 micro_batches=1 lr=1.00e-05
epoch=6 step=646 loss=2.6718 targets=2395 micro_batches=1 lr=1.00e-05
epoch=6 step=647 loss=2.4638 targets=2814 micro_batches=1 lr=1.00e-05
epoch=6 step=648 loss=2.4921 targets=3154 micro_batches=1 lr=1.00e-05
epoch=6 step=649 loss=2.2540 targets=3151 micro_batches=1 lr=1.00e-05
epoch=6 step=650 loss=2.4040 targets=2624 micro_batches=1 lr=1.00e-05
epoch=6 step=651 loss=2.1956 targets=3589 micro_batches=1 lr=1.00e-05
epoch=6 step=652 loss=2.2639 targets=3351 micro_batches=1 lr=1.00e-05
epoch=6 step=653 loss=2.2826 targets=1795 micro_batches=1 lr=1.00e-05
epoch=6 step=654 loss=2.6425 targets=3580 micro_batches=1 lr=1.00e-05
epoch=6 step=655 loss=2.1954 targets=1465 micro_batches=1 lr=1.00e-05
epoch=6 step=656 loss=2.4359 targets=1524 micro_batches=1 lr=1.00e-05
epoch=6 step=657 loss=1.9599 targets=2668 micro_batches=1 lr=1.00e-05
epoch=6 step=658 loss=2.3037 targets=2424 micro_batches=1 lr=1.00e-05
epoch=6 step=659 loss=2.4541 targets=2257 micro_batches=1 lr=1.00e-05
epoch=6 step=660 loss=2.5489 targets=1722 micro_batches=1 lr=1.00e-05
epoch=6 step=661 loss=2.2620 targets=2345 micro_batches=1 lr=1.00e-05
epoch=6 step=662 loss=3.0746 targets=2178 micro_batches=1 lr=1.00e-05
epoch=6 step=663 loss=2.6615 targets=2199 micro_batches=1 lr=1.00e-05
epoch=6 step=664 loss=2.0586 targets=2336 micro_batches=1 lr=1.00e-05
epoch=6 step=665 loss=2.4720 targets=3400 micro_batches=1 lr=1.00e-05
epoch=6 step=666 loss=2.3223 targets=3024 micro_batches=1 lr=1.00e-05
epoch=6 step=667 loss=2.0891 targets=2366 micro_batches=1 lr=1.00e-05
epoch=6 step=668 loss=2.3560 targets=2406 micro_batches=1 lr=1.00e-05
epoch=6 step=669 loss=2.1593 targets=2796 micro_batches=1 lr=1.00e-05
epoch=6 step=670 loss=2.1016 targets=2868 micro_batches=1 lr=1.00e-05
epoch=6 step=671 loss=2.3294 targets=2553 micro_batches=1 lr=1.00e-05
epoch=6 step=672 loss=2.4130 targets=2028 micro_batches=1 lr=1.00e-05
epoch=6 step=673 loss=2.1474 targets=2083 micro_batches=1 lr=1.00e-05
epoch=6 step=674 loss=2.5457 targets=3797 micro_batches=1 lr=1.00e-05
epoch=6 step=675 loss=2.2507 targets=2462 micro_batches=1 lr=1.00e-05
epoch=6 step=676 loss=2.2672 targets=4020 micro_batches=1 lr=1.00e-05
epoch=6 step=677 loss=2.3527 targets=3189 micro_batches=1 lr=1.00e-05
epoch=6 step=678 loss=1.9681 targets=3161 micro_batches=1 lr=1.00e-05
epoch=6 step=679 loss=2.7796 targets=3843 micro_batches=1 lr=1.00e-05
epoch=6 step=680 loss=2.4241 targets=4582 micro_batches=1 lr=1.00e-05
epoch=6 step=681 loss=2.3653 targets=2852 micro_batches=1 lr=1.00e-05
epoch=6 step=682 loss=2.4297 targets=5133 micro_batches=1 lr=1.00e-05
epoch=6 step=683 loss=2.1623 targets=2885 micro_batches=1 lr=1.00e-05
epoch=6 step=684 loss=2.6427 targets=4114 micro_batches=1 lr=1.00e-05
epoch=6 step=685 loss=2.2295 targets=3379 micro_batches=1 lr=1.00e-05
epoch=6 step=686 loss=1.9072 targets=4783 micro_batches=1 lr=1.00e-05
epoch=6 step=687 loss=2.3144 targets=5117 micro_batches=1 lr=1.00e-05
epoch=6 step=688 loss=2.2948 targets=3667 micro_batches=1 lr=1.00e-05
epoch=6 step=689 loss=2.2006 targets=3211 micro_batches=1 lr=1.00e-05
epoch=6 step=690 loss=2.1880 targets=5773 micro_batches=1 lr=1.00e-05
epoch=6 step=691 loss=2.4108 targets=4548 micro_batches=1 lr=1.00e-05
epoch=6 step=692 loss=3.1762 targets=5260 micro_batches=1 lr=1.00e-05
epoch=6 step=693 loss=2.5081 targets=3756 micro_batches=1 lr=1.00e-05
epoch=6 step=694 loss=2.2475 targets=5505 micro_batches=1 lr=1.00e-05
epoch=6 step=695 loss=2.7911 targets=4375 micro_batches=1 lr=1.00e-05
epoch=6 step=696 loss=2.6022 targets=4593 micro_batches=1 lr=1.00e-05
epoch=6 step=697 loss=2.3193 targets=4308 micro_batches=1 lr=1.00e-05
epoch=6 step=698 loss=2.4004 targets=5544 micro_batches=1 lr=1.00e-05
epoch=6 step=699 loss=2.5125 targets=6225 micro_batches=1 lr=1.00e-05
epoch=6 step=700 loss=2.2350 targets=5728 micro_batches=1 lr=1.00e-05
epoch=6 step=701 loss=2.1284 targets=4664 micro_batches=1 lr=1.00e-05
epoch=6 step=702 loss=2.2359 targets=5231 micro_batches=1 lr=1.00e-05
epoch=6 step=703 loss=2.1485 targets=6499 micro_batches=1 lr=1.00e-05
epoch=6 step=704 loss=2.0395 targets=6219 micro_batches=1 lr=1.00e-05
epoch=6 step=705 loss=2.3137 targets=6549 micro_batches=1 lr=1.00e-05
epoch=6 step=706 loss=2.1870 targets=9206 micro_batches=1 lr=1.00e-05
epoch=6 step=707 loss=2.5143 targets=7379 micro_batches=1 lr=1.00e-05
epoch=6 step=708 loss=2.5271 targets=5305 micro_batches=1 lr=1.00e-05
epoch=6 step=709 loss=2.1567 targets=6832 micro_batches=1 lr=1.00e-05
epoch=6 step=710 loss=2.2513 targets=8604 micro_batches=1 lr=1.00e-05
epoch=6 step=711 loss=2.3276 targets=6495 micro_batches=1 lr=1.00e-05
epoch=6 step=712 loss=2.3440 targets=8987 micro_batches=1 lr=1.00e-05
epoch=6 step=713 loss=2.4110 targets=6191 micro_batches=1 lr=1.00e-05
epoch=6 step=714 loss=2.0004 targets=6101 micro_batches=1 lr=1.00e-05
epoch=6 step=715 loss=1.9998 targets=6553 micro_batches=1 lr=1.00e-05
epoch=6 step=716 loss=2.5019 targets=6919 micro_batches=1 lr=1.00e-05
epoch=6 step=717 loss=2.1801 targets=6960 micro_batches=1 lr=1.00e-05
epoch=6 step=718 loss=2.5084 targets=8566 micro_batches=1 lr=1.00e-05
epoch=6 step=719 loss=2.5227 targets=8399 micro_batches=1 lr=1.00e-05
epoch=6 step=720 loss=1.9100 targets=12488 micro_batches=1 lr=1.00e-05
epoch=6 step=721 loss=2.4215 targets=9926 micro_batches=1 lr=1.00e-05
epoch=6 step=722 loss=2.3631 targets=7761 micro_batches=1 lr=1.00e-05
epoch=6 step=723 loss=2.2810 targets=10495 micro_batches=1 lr=1.00e-05
epoch=6 step=724 loss=2.1498 targets=9858 micro_batches=1 lr=1.00e-05
epoch=6 step=725 loss=2.4112 targets=9170 micro_batches=1 lr=1.00e-05
epoch=6 step=726 loss=2.4606 targets=12889 micro_batches=1 lr=1.00e-05
epoch=6 step=727 loss=2.4174 targets=8391 micro_batches=1 lr=1.00e-05
epoch=6 step=728 loss=2.2608 targets=8664 micro_batches=1 lr=1.00e-05
epoch=6 step=729 loss=2.0741 targets=14754 micro_batches=1 lr=1.00e-05
epoch=6 step=730 loss=2.2310 targets=7262 micro_batches=1 lr=1.00e-05
epoch=6 step=731 loss=2.4331 targets=8442 micro_batches=1 lr=1.00e-05
epoch=6 step=732 loss=2.4410 targets=11804 micro_batches=1 lr=1.00e-05
epoch=6 step=733 loss=2.6704 targets=9230 micro_batches=1 lr=1.00e-05
epoch=6 step=734 loss=2.1201 targets=15840 micro_batches=1 lr=1.00e-05
epoch=6 step=735 loss=2.5083 targets=11460 micro_batches=1 lr=1.00e-05
epoch=6 step=736 loss=2.5170 targets=12903 micro_batches=1 lr=1.00e-05
epoch=6 step=737 loss=2.3708 targets=12864 micro_batches=1 lr=1.00e-05
epoch=6 step=738 loss=2.0411 targets=9684 micro_batches=1 lr=1.00e-05
epoch=6 step=739 loss=2.0315 targets=9922 micro_batches=1 lr=1.00e-05
epoch=6 step=740 loss=2.4044 targets=16511 micro_batches=1 lr=1.00e-05
epoch=6 step=741 loss=2.3371 targets=18689 micro_batches=1 lr=1.00e-05
epoch=6 step=742 loss=2.5122 targets=15104 micro_batches=1 lr=1.00e-05
epoch=6 step=743 loss=2.6944 targets=11693 micro_batches=1 lr=1.00e-05
epoch=6 step=744 loss=1.9811 targets=18326 micro_batches=1 lr=1.00e-05
epoch=6 step=745 loss=2.4115 targets=10284 micro_batches=1 lr=1.00e-05
epoch=6 step=746 loss=2.8029 targets=18515 micro_batches=1 lr=1.00e-05
epoch=6 step=747 loss=2.4854 targets=14683 micro_batches=1 lr=1.00e-05
epoch=6 step=748 loss=2.5673 targets=14068 micro_batches=1 lr=1.00e-05
epoch=6 step=749 loss=2.1542 targets=12339 micro_batches=1 lr=1.00e-05
epoch=6 step=750 loss=2.5167 targets=12236 micro_batches=1 lr=1.00e-05
epoch=6 step=751 loss=2.3932 targets=13808 micro_batches=1 lr=1.00e-05
epoch=6 step=752 loss=2.2945 targets=12209 micro_batches=1 lr=1.00e-05
epoch=6 step=753 loss=2.4540 targets=13058 micro_batches=1 lr=1.00e-05
epoch=6 step=754 loss=1.9838 targets=19913 micro_batches=1 lr=1.00e-05
epoch=6 step=755 loss=2.0815 targets=15152 micro_batches=1 lr=1.00e-05
epoch=6 step=756 loss=2.3911 targets=23967 micro_batches=1 lr=1.00e-05
epoch=6 val_loss=2.2416 val_targets=76849 best_val_loss=2.2416 patience=0/3
epoch=7 step=757 loss=2.5855 targets=3471 micro_batches=1 lr=1.00e-05
epoch=7 step=758 loss=2.4201 targets=2982 micro_batches=1 lr=1.00e-05
epoch=7 step=759 loss=2.2812 targets=3316 micro_batches=1 lr=1.00e-05
epoch=7 step=760 loss=2.4987 targets=3706 micro_batches=1 lr=1.00e-05
epoch=7 step=761 loss=2.2594 targets=2820 micro_batches=1 lr=1.00e-05
epoch=7 step=762 loss=2.4548 targets=3422 micro_batches=1 lr=1.00e-05
epoch=7 step=763 loss=2.5254 targets=4077 micro_batches=1 lr=1.00e-05
epoch=7 step=764 loss=2.3278 targets=2756 micro_batches=1 lr=1.00e-05
epoch=7 step=765 loss=2.6192 targets=2943 micro_batches=1 lr=1.00e-05
epoch=7 step=766 loss=2.5136 targets=3290 micro_batches=1 lr=1.00e-05
epoch=7 step=767 loss=2.1450 targets=3743 micro_batches=1 lr=1.00e-05
epoch=7 step=768 loss=2.1580 targets=2540 micro_batches=1 lr=1.00e-05
epoch=7 step=769 loss=2.4901 targets=2557 micro_batches=1 lr=1.00e-05
epoch=7 step=770 loss=2.4431 targets=2512 micro_batches=1 lr=1.00e-05
epoch=7 step=771 loss=2.2511 targets=2232 micro_batches=1 lr=1.00e-05
epoch=7 step=772 loss=2.9241 targets=2829 micro_batches=1 lr=1.00e-05
epoch=7 step=773 loss=2.2902 targets=2785 micro_batches=1 lr=1.00e-05
epoch=7 step=774 loss=2.6041 targets=2730 micro_batches=1 lr=1.00e-05
epoch=7 step=775 loss=2.2987 targets=2658 micro_batches=1 lr=1.00e-05
epoch=7 step=776 loss=2.5287 targets=3028 micro_batches=1 lr=1.00e-05
epoch=7 step=777 loss=2.5488 targets=3349 micro_batches=1 lr=1.00e-05
epoch=7 step=778 loss=2.5784 targets=2942 micro_batches=1 lr=1.00e-05
epoch=7 step=779 loss=2.3710 targets=1832 micro_batches=1 lr=1.00e-05
epoch=7 step=780 loss=2.4462 targets=3685 micro_batches=1 lr=1.00e-05
epoch=7 step=781 loss=2.1519 targets=1640 micro_batches=1 lr=1.00e-05
epoch=7 step=782 loss=2.4765 targets=2121 micro_batches=1 lr=1.00e-05
epoch=7 step=783 loss=2.2834 targets=2333 micro_batches=1 lr=1.00e-05
epoch=7 step=784 loss=2.7141 targets=2948 micro_batches=1 lr=1.00e-05
epoch=7 step=785 loss=2.2804 targets=2098 micro_batches=1 lr=1.00e-05
epoch=7 step=786 loss=2.5373 targets=1926 micro_batches=1 lr=1.00e-05
epoch=7 step=787 loss=2.1274 targets=1778 micro_batches=1 lr=1.00e-05
epoch=7 step=788 loss=2.6456 targets=2250 micro_batches=1 lr=1.00e-05
epoch=7 step=789 loss=2.3973 targets=1819 micro_batches=1 lr=1.00e-05
epoch=7 step=790 loss=1.9586 targets=2749 micro_batches=1 lr=1.00e-05
epoch=7 step=791 loss=2.5474 targets=2011 micro_batches=1 lr=1.00e-05
epoch=7 step=792 loss=2.2676 targets=3121 micro_batches=1 lr=1.00e-05
epoch=7 step=793 loss=1.8277 targets=2844 micro_batches=1 lr=1.00e-05
epoch=7 step=794 loss=2.4765 targets=2173 micro_batches=1 lr=1.00e-05
epoch=7 step=795 loss=2.3892 targets=2314 micro_batches=1 lr=1.00e-05
epoch=7 step=796 loss=2.5605 targets=2363 micro_batches=1 lr=1.00e-05
epoch=7 step=797 loss=2.5349 targets=2030 micro_batches=1 lr=1.00e-05
epoch=7 step=798 loss=2.2835 targets=3123 micro_batches=1 lr=1.00e-05
epoch=7 step=799 loss=2.0455 targets=2649 micro_batches=1 lr=1.00e-05
epoch=7 step=800 loss=2.3501 targets=2798 micro_batches=1 lr=1.00e-05
epoch=7 step=801 loss=2.1678 targets=3116 micro_batches=1 lr=1.00e-05
epoch=7 step=802 loss=2.5897 targets=3418 micro_batches=1 lr=1.00e-05
epoch=7 step=803 loss=2.5939 targets=2749 micro_batches=1 lr=1.00e-05
epoch=7 step=804 loss=2.0565 targets=2359 micro_batches=1 lr=1.00e-05
epoch=7 step=805 loss=2.3501 targets=4170 micro_batches=1 lr=1.00e-05
epoch=7 step=806 loss=2.6738 targets=2734 micro_batches=1 lr=1.00e-05
epoch=7 step=807 loss=2.5114 targets=3424 micro_batches=1 lr=1.00e-05
epoch=7 step=808 loss=2.3201 targets=4492 micro_batches=1 lr=1.00e-05
epoch=7 step=809 loss=2.1257 targets=2723 micro_batches=1 lr=1.00e-05
epoch=7 step=810 loss=2.9797 targets=5116 micro_batches=1 lr=1.00e-05
epoch=7 step=811 loss=2.7320 targets=3384 micro_batches=1 lr=1.00e-05
epoch=7 step=812 loss=2.1558 targets=3272 micro_batches=1 lr=1.00e-05
epoch=7 step=813 loss=2.4230 targets=3921 micro_batches=1 lr=1.00e-05
epoch=7 step=814 loss=1.8770 targets=5688 micro_batches=1 lr=1.00e-05
epoch=7 step=815 loss=2.0822 targets=4005 micro_batches=1 lr=1.00e-05
epoch=7 step=816 loss=2.3293 targets=4635 micro_batches=1 lr=1.00e-05
epoch=7 step=817 loss=2.1400 targets=5140 micro_batches=1 lr=1.00e-05
epoch=7 step=818 loss=2.8439 targets=5345 micro_batches=1 lr=1.00e-05
epoch=7 step=819 loss=2.1811 targets=4645 micro_batches=1 lr=1.00e-05
epoch=7 step=820 loss=2.3877 targets=4725 micro_batches=1 lr=1.00e-05
epoch=7 step=821 loss=2.4822 targets=5575 micro_batches=1 lr=1.00e-05
epoch=7 step=822 loss=2.2184 targets=5052 micro_batches=1 lr=1.00e-05
epoch=7 step=823 loss=2.3637 targets=4822 micro_batches=1 lr=1.00e-05
epoch=7 step=824 loss=3.1398 targets=7239 micro_batches=1 lr=1.00e-05
epoch=7 step=825 loss=2.3479 targets=5473 micro_batches=1 lr=1.00e-05
epoch=7 step=826 loss=2.4865 targets=6337 micro_batches=1 lr=1.00e-05
epoch=7 step=827 loss=2.2965 targets=9567 micro_batches=1 lr=1.00e-05
epoch=7 step=828 loss=2.5776 targets=6320 micro_batches=1 lr=1.00e-05
epoch=7 step=829 loss=2.3317 targets=5779 micro_batches=1 lr=1.00e-05
epoch=7 step=830 loss=2.1847 targets=4714 micro_batches=1 lr=1.00e-05
epoch=7 step=831 loss=2.1520 targets=5290 micro_batches=1 lr=1.00e-05
epoch=7 step=832 loss=2.1641 targets=8179 micro_batches=1 lr=1.00e-05
epoch=7 step=833 loss=2.6368 targets=5366 micro_batches=1 lr=1.00e-05
epoch=7 step=834 loss=2.2415 targets=7260 micro_batches=1 lr=1.00e-05
epoch=7 step=835 loss=2.3045 targets=7749 micro_batches=1 lr=1.00e-05
epoch=7 step=836 loss=2.5842 targets=5731 micro_batches=1 lr=1.00e-05
epoch=7 step=837 loss=2.4364 targets=5572 micro_batches=1 lr=1.00e-05
epoch=7 step=838 loss=2.3638 targets=6952 micro_batches=1 lr=1.00e-05
epoch=7 step=839 loss=2.2373 targets=6739 micro_batches=1 lr=1.00e-05
epoch=7 step=840 loss=2.3752 targets=8123 micro_batches=1 lr=1.00e-05
epoch=7 step=841 loss=2.0777 targets=5525 micro_batches=1 lr=1.00e-05
epoch=7 step=842 loss=2.2929 targets=7610 micro_batches=1 lr=1.00e-05
epoch=7 step=843 loss=1.6903 targets=10090 micro_batches=1 lr=1.00e-05
epoch=7 step=844 loss=2.9799 targets=8371 micro_batches=1 lr=1.00e-05
epoch=7 step=845 loss=2.4536 targets=8564 micro_batches=1 lr=1.00e-05
epoch=7 step=846 loss=2.3179 targets=7371 micro_batches=1 lr=1.00e-05
epoch=7 step=847 loss=2.5093 targets=9836 micro_batches=1 lr=1.00e-05
epoch=7 step=848 loss=2.2186 targets=8739 micro_batches=1 lr=1.00e-05
epoch=7 step=849 loss=2.3099 targets=7746 micro_batches=1 lr=1.00e-05
epoch=7 step=850 loss=2.4168 targets=7341 micro_batches=1 lr=1.00e-05
epoch=7 step=851 loss=2.8493 targets=9204 micro_batches=1 lr=1.00e-05
epoch=7 step=852 loss=2.7974 targets=9281 micro_batches=1 lr=1.00e-05
epoch=7 step=853 loss=2.8117 targets=9993 micro_batches=1 lr=1.00e-05
epoch=7 step=854 loss=1.9533 targets=9805 micro_batches=1 lr=1.00e-05
epoch=7 step=855 loss=2.3929 targets=8827 micro_batches=1 lr=1.00e-05
epoch=7 step=856 loss=2.3277 targets=9176 micro_batches=1 lr=1.00e-05
epoch=7 step=857 loss=2.4300 targets=8456 micro_batches=1 lr=1.00e-05
epoch=7 step=858 loss=2.3343 targets=11138 micro_batches=1 lr=1.00e-05
epoch=7 step=859 loss=2.3032 targets=10574 micro_batches=1 lr=1.00e-05
epoch=7 step=860 loss=2.1643 targets=12034 micro_batches=1 lr=1.00e-05
epoch=7 step=861 loss=1.8713 targets=15246 micro_batches=1 lr=1.00e-05
epoch=7 step=862 loss=2.4259 targets=12741 micro_batches=1 lr=1.00e-05
epoch=7 step=863 loss=2.1662 targets=9912 micro_batches=1 lr=1.00e-05
epoch=7 step=864 loss=2.3811 targets=10130 micro_batches=1 lr=1.00e-05
epoch=7 step=865 loss=1.8508 targets=14427 micro_batches=1 lr=1.00e-05
epoch=7 step=866 loss=2.6863 targets=13181 micro_batches=1 lr=1.00e-05
epoch=7 step=867 loss=2.6131 targets=10105 micro_batches=1 lr=1.00e-05
epoch=7 step=868 loss=2.6161 targets=16251 micro_batches=1 lr=1.00e-05
epoch=7 step=869 loss=2.5727 targets=15292 micro_batches=1 lr=1.00e-05
epoch=7 step=870 loss=2.2401 targets=12964 micro_batches=1 lr=1.00e-05
epoch=7 step=871 loss=2.4039 targets=10906 micro_batches=1 lr=1.00e-05
epoch=7 step=872 loss=2.7480 targets=12602 micro_batches=1 lr=1.00e-05
epoch=7 step=873 loss=2.5266 targets=11361 micro_batches=1 lr=1.00e-05
epoch=7 step=874 loss=1.9059 targets=18758 micro_batches=1 lr=1.00e-05
epoch=7 step=875 loss=2.2378 targets=10436 micro_batches=1 lr=1.00e-05
epoch=7 step=876 loss=2.2456 targets=13307 micro_batches=1 lr=1.00e-05
epoch=7 step=877 loss=2.2270 targets=11994 micro_batches=1 lr=1.00e-05
epoch=7 step=878 loss=1.9427 targets=20133 micro_batches=1 lr=1.00e-05
epoch=7 step=879 loss=2.2720 targets=11842 micro_batches=1 lr=1.00e-05
epoch=7 step=880 loss=1.9958 targets=21350 micro_batches=1 lr=1.00e-05
epoch=7 step=881 loss=2.1681 targets=15875 micro_batches=1 lr=1.00e-05
epoch=7 step=882 loss=2.1860 targets=24949 micro_batches=1 lr=1.00e-05
epoch=7 val_loss=2.2368 val_targets=76849 best_val_loss=2.2368 patience=0/3
epoch=8 step=883 loss=2.5670 targets=3399 micro_batches=1 lr=1.00e-05
epoch=8 step=884 loss=2.4410 targets=3043 micro_batches=1 lr=1.00e-05
epoch=8 step=885 loss=2.3983 targets=2734 micro_batches=1 lr=1.00e-05
epoch=8 step=886 loss=2.4472 targets=3574 micro_batches=1 lr=1.00e-05
epoch=8 step=887 loss=2.4074 targets=3224 micro_batches=1 lr=1.00e-05
epoch=8 step=888 loss=2.3868 targets=3449 micro_batches=1 lr=1.00e-05
epoch=8 step=889 loss=2.6117 targets=3676 micro_batches=1 lr=1.00e-05
epoch=8 step=890 loss=2.2867 targets=3276 micro_batches=1 lr=1.00e-05
epoch=8 step=891 loss=2.4503 targets=2997 micro_batches=1 lr=1.00e-05
epoch=8 step=892 loss=2.2843 targets=3381 micro_batches=1 lr=1.00e-05
epoch=8 step=893 loss=2.4038 targets=3925 micro_batches=1 lr=1.00e-05
epoch=8 step=894 loss=2.0294 targets=2044 micro_batches=1 lr=1.00e-05
epoch=8 step=895 loss=2.4609 targets=2193 micro_batches=1 lr=1.00e-05
epoch=8 step=896 loss=2.1133 targets=3044 micro_batches=1 lr=1.00e-05
epoch=8 step=897 loss=2.2088 targets=3068 micro_batches=1 lr=1.00e-05
epoch=8 step=898 loss=2.5116 targets=2646 micro_batches=1 lr=1.00e-05
epoch=8 step=899 loss=2.6216 targets=2931 micro_batches=1 lr=1.00e-05
epoch=8 step=900 loss=2.5243 targets=3031 micro_batches=1 lr=1.00e-05
epoch=8 step=901 loss=2.4300 targets=2900 micro_batches=1 lr=1.00e-05
epoch=8 step=902 loss=2.3094 targets=3212 micro_batches=1 lr=1.00e-05
epoch=8 step=903 loss=2.3104 targets=3608 micro_batches=1 lr=1.00e-05
epoch=8 step=904 loss=2.4631 targets=4060 micro_batches=1 lr=1.00e-05
epoch=8 step=905 loss=2.3362 targets=3256 micro_batches=1 lr=1.00e-05
epoch=8 step=906 loss=2.1591 targets=3832 micro_batches=1 lr=1.00e-05
epoch=8 step=907 loss=2.2010 targets=1694 micro_batches=1 lr=1.00e-05
epoch=8 step=908 loss=2.3096 targets=1761 micro_batches=1 lr=1.00e-05
epoch=8 step=909 loss=2.2094 targets=1721 micro_batches=1 lr=1.00e-05
epoch=8 step=910 loss=2.0784 targets=2339 micro_batches=1 lr=1.00e-05
epoch=8 step=911 loss=2.2563 targets=1764 micro_batches=1 lr=1.00e-05
epoch=8 step=912 loss=2.3585 targets=1734 micro_batches=1 lr=1.00e-05
epoch=8 step=913 loss=1.9788 targets=1992 micro_batches=1 lr=1.00e-05
epoch=8 step=914 loss=2.3824 targets=2483 micro_batches=1 lr=1.00e-05
epoch=8 step=915 loss=2.3055 targets=2187 micro_batches=1 lr=1.00e-05
epoch=8 step=916 loss=1.9890 targets=2221 micro_batches=1 lr=1.00e-05
epoch=8 step=917 loss=2.3312 targets=3418 micro_batches=1 lr=1.00e-05
epoch=8 step=918 loss=2.2960 targets=1800 micro_batches=1 lr=1.00e-05
epoch=8 step=919 loss=2.2733 targets=1933 micro_batches=1 lr=1.00e-05
epoch=8 step=920 loss=2.1656 targets=3040 micro_batches=1 lr=1.00e-05
epoch=8 step=921 loss=2.1793 targets=1924 micro_batches=1 lr=1.00e-05
epoch=8 step=922 loss=2.8140 targets=3091 micro_batches=1 lr=1.00e-05
epoch=8 step=923 loss=2.2109 targets=2111 micro_batches=1 lr=1.00e-05
epoch=8 step=924 loss=2.3139 targets=2289 micro_batches=1 lr=1.00e-05
epoch=8 step=925 loss=2.4336 targets=2588 micro_batches=1 lr=1.00e-05
epoch=8 step=926 loss=2.9187 targets=3351 micro_batches=1 lr=1.00e-05
epoch=8 step=927 loss=2.4724 targets=2924 micro_batches=1 lr=1.00e-05
epoch=8 step=928 loss=2.6645 targets=2843 micro_batches=1 lr=1.00e-05
epoch=8 step=929 loss=2.5944 targets=4143 micro_batches=1 lr=1.00e-05
epoch=8 step=930 loss=2.0733 targets=2441 micro_batches=1 lr=1.00e-05
epoch=8 step=931 loss=2.4135 targets=3030 micro_batches=1 lr=1.00e-05
epoch=8 step=932 loss=2.2821 targets=5386 micro_batches=1 lr=1.00e-05
epoch=8 step=933 loss=2.2344 targets=3113 micro_batches=1 lr=1.00e-05
epoch=8 step=934 loss=3.7525 targets=4132 micro_batches=1 lr=1.00e-05
epoch=8 step=935 loss=2.1980 targets=2788 micro_batches=1 lr=1.00e-05
epoch=8 step=936 loss=3.0684 targets=4613 micro_batches=1 lr=1.00e-05
epoch=8 step=937 loss=2.2566 targets=4296 micro_batches=1 lr=1.00e-05
epoch=8 step=938 loss=2.1454 targets=3930 micro_batches=1 lr=1.00e-05
epoch=8 step=939 loss=2.2512 targets=3892 micro_batches=1 lr=1.00e-05
epoch=8 step=940 loss=2.0772 targets=4219 micro_batches=1 lr=1.00e-05
epoch=8 step=941 loss=2.2507 targets=3692 micro_batches=1 lr=1.00e-05
epoch=8 step=942 loss=2.1740 targets=5444 micro_batches=1 lr=1.00e-05
epoch=8 step=943 loss=2.0887 targets=3897 micro_batches=1 lr=1.00e-05
epoch=8 step=944 loss=2.2286 targets=4401 micro_batches=1 lr=1.00e-05
epoch=8 step=945 loss=3.0022 targets=4741 micro_batches=1 lr=1.00e-05
epoch=8 step=946 loss=2.2168 targets=4438 micro_batches=1 lr=1.00e-05
epoch=8 step=947 loss=2.2799 targets=5372 micro_batches=1 lr=1.00e-05
epoch=8 step=948 loss=2.2411 targets=4123 micro_batches=1 lr=1.00e-05
epoch=8 step=949 loss=2.2973 targets=4283 micro_batches=1 lr=1.00e-05
epoch=8 step=950 loss=3.2205 targets=5958 micro_batches=1 lr=1.00e-05
epoch=8 step=951 loss=2.7056 targets=8145 micro_batches=1 lr=1.00e-05
epoch=8 step=952 loss=2.2358 targets=6870 micro_batches=1 lr=1.00e-05
epoch=8 step=953 loss=1.8842 targets=6861 micro_batches=1 lr=1.00e-05
epoch=8 step=954 loss=2.1744 targets=7303 micro_batches=1 lr=1.00e-05
epoch=8 step=955 loss=2.3375 targets=6194 micro_batches=1 lr=1.00e-05
epoch=8 step=956 loss=2.1937 targets=6400 micro_batches=1 lr=1.00e-05
epoch=8 step=957 loss=2.6374 targets=5984 micro_batches=1 lr=1.00e-05
epoch=8 step=958 loss=1.8657 targets=6747 micro_batches=1 lr=1.00e-05
epoch=8 step=959 loss=2.5943 targets=7883 micro_batches=1 lr=1.00e-05
epoch=8 step=960 loss=2.5364 targets=7285 micro_batches=1 lr=1.00e-05
epoch=8 step=961 loss=2.5861 targets=7181 micro_batches=1 lr=1.00e-05
epoch=8 step=962 loss=2.3593 targets=6032 micro_batches=1 lr=1.00e-05
epoch=8 step=963 loss=2.4723 targets=7147 micro_batches=1 lr=1.00e-05
epoch=8 step=964 loss=2.1266 targets=6306 micro_batches=1 lr=1.00e-05
epoch=8 step=965 loss=2.0805 targets=8725 micro_batches=1 lr=1.00e-05
epoch=8 step=966 loss=2.0144 targets=6249 micro_batches=1 lr=1.00e-05
epoch=8 step=967 loss=2.2546 targets=6697 micro_batches=1 lr=1.00e-05
epoch=8 step=968 loss=2.7027 targets=7717 micro_batches=1 lr=1.00e-05
epoch=8 step=969 loss=2.4273 targets=8405 micro_batches=1 lr=1.00e-05
epoch=8 step=970 loss=2.4221 targets=7310 micro_batches=1 lr=1.00e-05
epoch=8 step=971 loss=2.3606 targets=9152 micro_batches=1 lr=1.00e-05
epoch=8 step=972 loss=2.4222 targets=11646 micro_batches=1 lr=1.00e-05
epoch=8 step=973 loss=2.3762 targets=6823 micro_batches=1 lr=1.00e-05
epoch=8 step=974 loss=2.4101 targets=10464 micro_batches=1 lr=1.00e-05
epoch=8 step=975 loss=2.5018 targets=10622 micro_batches=1 lr=1.00e-05
epoch=8 step=976 loss=2.3744 targets=10775 micro_batches=1 lr=1.00e-05
epoch=8 step=977 loss=3.6181 targets=9961 micro_batches=1 lr=1.00e-05
epoch=8 step=978 loss=2.5904 targets=8067 micro_batches=1 lr=1.00e-05
epoch=8 step=979 loss=2.3114 targets=8706 micro_batches=1 lr=1.00e-05
epoch=8 step=980 loss=2.4110 targets=11830 micro_batches=1 lr=1.00e-05
epoch=8 step=981 loss=2.4975 targets=8117 micro_batches=1 lr=1.00e-05
epoch=8 step=982 loss=2.0682 targets=11291 micro_batches=1 lr=1.00e-05
epoch=8 step=983 loss=2.5796 targets=10490 micro_batches=1 lr=1.00e-05
epoch=8 step=984 loss=2.5575 targets=10520 micro_batches=1 lr=1.00e-05
epoch=8 step=985 loss=2.4264 targets=7700 micro_batches=1 lr=1.00e-05
epoch=8 step=986 loss=2.0581 targets=12487 micro_batches=1 lr=1.00e-05
epoch=8 step=987 loss=2.2460 targets=17019 micro_batches=1 lr=1.00e-05
epoch=8 step=988 loss=2.4180 targets=9450 micro_batches=1 lr=1.00e-05
epoch=8 step=989 loss=2.3779 targets=9304 micro_batches=1 lr=1.00e-05
epoch=8 step=990 loss=2.0974 targets=14291 micro_batches=1 lr=1.00e-05
epoch=8 step=991 loss=2.2076 targets=12364 micro_batches=1 lr=1.00e-05
epoch=8 step=992 loss=2.3883 targets=15539 micro_batches=1 lr=1.00e-05
epoch=8 step=993 loss=2.9613 targets=19833 micro_batches=1 lr=1.00e-05
epoch=8 step=994 loss=3.0156 targets=12299 micro_batches=1 lr=1.00e-05
epoch=8 step=995 loss=2.4905 targets=11917 micro_batches=1 lr=1.00e-05
epoch=8 step=996 loss=2.7728 targets=13821 micro_batches=1 lr=1.00e-05
epoch=8 step=997 loss=2.7630 targets=12932 micro_batches=1 lr=1.00e-05
epoch=8 step=998 loss=2.1293 targets=13838 micro_batches=1 lr=1.00e-05
epoch=8 step=999 loss=2.5368 targets=11283 micro_batches=1 lr=1.00e-05
epoch=8 step=1000 loss=2.2411 targets=11437 micro_batches=1 lr=1.00e-05
epoch=8 step=1001 loss=2.0737 targets=15841 micro_batches=1 lr=1.00e-05
epoch=8 step=1002 loss=2.0189 targets=23326 micro_batches=1 lr=1.00e-05
epoch=8 step=1003 loss=2.1986 targets=13040 micro_batches=1 lr=1.00e-05
epoch=8 step=1004 loss=2.1208 targets=17852 micro_batches=1 lr=1.00e-05
epoch=8 step=1005 loss=2.2409 targets=13372 micro_batches=1 lr=1.00e-05
epoch=8 step=1006 loss=2.1667 targets=15430 micro_batches=1 lr=1.00e-05
epoch=8 step=1007 loss=2.1967 targets=17000 micro_batches=1 lr=1.00e-05
epoch=8 step=1008 loss=2.2727 targets=21557 micro_batches=1 lr=1.00e-05
epoch=8 val_loss=2.2347 val_targets=76849 best_val_loss=2.2347 patience=0/3
[train] эпох 8, шагов 1008 на cuda, остановка: epochs, best_val_loss 2.2347 → C:\Develop\mini_pragma_v2\data\14_train\checkpoint.pt
